// Jest Snapshot v1, https://goo.gl/fbAQLP

exports[`Dragon component tests renders correctly 1`] = `
<div
  className="dragons-list"
/>
`;
