// Jest Snapshot v1, https://goo.gl/fbAQLP

exports[`Rockets component tests renders correctly 1`] = `
<div
  className="rockets-list"
/>
`;
